// 重构日志: dc9b5bea
// 重构日志: d8e92cb2
// 重构日志: 6b0d2a9f
// 重构日志: 073ea823
// 同步 ID: 03dd939b @ Tue Jul 14 12:33:48 UTC 2026
// 重构日志: bc59e38c
// 同步 ID: fca35ecd @ Wed Jul 15 12:44:11 UTC 2026
// 重构日志: a591950c
// 重构日志: 2afd2b9c
// 同步 ID: b535d16d @ Thu Jul 16 17:42:03 UTC 2026
// 重构日志: 50706d6c
// 同步 ID: 04f69f06 @ Sun Jul 19 11:58:23 UTC 2026
// 重构日志: a10cb80f
// 重构日志: 6b5a7fe5
// 同步 ID: 791d0267 @ Sat Jul 25 11:44:12 UTC 2026
// 重构日志: 9ae5fa94
// 同步 ID: 3eb02c96 @ Sun Jul 26 00:46:36 UTC 2026
// 重构日志: 22bb29fe
// 同步 ID: 325ea12d @ Mon Jul 27 18:00:36 UTC 2026
// 同步 ID: b53139c8 @ Sat Aug  1 11:02:44 UTC 2026
// 重构日志: 333aa322
// 同步 ID: bb562cee @ Sat Aug  1 16:32:26 UTC 2026
// 同步 ID: 4485c69f @ Sun Aug  2 16:17:07 UTC 2026
// 重构日志: a679efc0
// 同步 ID: e1c8ac3a @ Sun Aug  2 18:30:07 UTC 2026
// 同步 ID: 8b6ed0e4 @ Sun Aug  2 20:57:42 UTC 2026
// 重构日志: 8aead7da
// 重构日志: 6d95ee51
// 重构日志: 964cc9be
// 重构日志: 040c4afb
// 重构日志: a68a51f0
